[debug] [2026-08-07T15:00:48.872Z] ----------------------------------------------------------------------
[debug] [2026-08-07T15:00:48.877Z] Command:       C:\Program Files\nodejs\node.exe C:\Users\jhk01\AppData\Roaming\npm\node_modules\firebase-tools\lib\bin\firebase.js deploy --only hosting --project water-tank-bom
[debug] [2026-08-07T15:00:48.878Z] CLI Version:   15.18.0
[debug] [2026-08-07T15:00:48.878Z] Platform:      win32
[debug] [2026-08-07T15:00:48.878Z] Node Version:  v24.15.0
[debug] [2026-08-07T15:00:48.878Z] Time:          Sat Aug 08 2026 00:00:48 GMT+0900 (한국 표준시)
[debug] [2026-08-07T15:00:48.879Z] ----------------------------------------------------------------------
[debug] 
[debug] [2026-08-07T15:00:57.372Z] > command requires scopes: ["email","openid","https://www.googleapis.com/auth/cloudplatformprojects.readonly","https://www.googleapis.com/auth/firebase","https://www.googleapis.com/auth/cloud-platform"]
[debug] [2026-08-07T15:00:57.374Z] > authorizing via signed-in user (jhk113074@gmail.com)
[debug] [2026-08-07T15:00:57.374Z] [iam] checking project water-tank-bom for permissions ["firebase.projects.get","firebasehosting.sites.update"]
[debug] [2026-08-07T15:00:57.378Z] Checked if tokens are valid: true, expires at: 1786117725044
[debug] [2026-08-07T15:00:57.379Z] Checked if tokens are valid: true, expires at: 1786117725044
[debug] [2026-08-07T15:00:57.381Z] >>> [apiv2][query] POST https://cloudresourcemanager.googleapis.com/v1/projects/water-tank-bom:testIamPermissions [none]
[debug] [2026-08-07T15:00:57.382Z] >>> [apiv2][(partial)header] POST https://cloudresourcemanager.googleapis.com/v1/projects/water-tank-bom:testIamPermissions  x-goog-user-project=water-tank-bom
[debug] [2026-08-07T15:00:57.382Z] >>> [apiv2][body] POST https://cloudresourcemanager.googleapis.com/v1/projects/water-tank-bom:testIamPermissions {"permissions":["firebase.projects.get","firebasehosting.sites.update"]}
[debug] [2026-08-07T15:00:57.679Z] <<< [apiv2][status] POST https://cloudresourcemanager.googleapis.com/v1/projects/water-tank-bom:testIamPermissions 200
[debug] [2026-08-07T15:00:57.680Z] <<< [apiv2][body] POST https://cloudresourcemanager.googleapis.com/v1/projects/water-tank-bom:testIamPermissions {"permissions":["firebase.projects.get","firebasehosting.sites.update"]}
[debug] [2026-08-07T15:00:57.681Z] Checked if tokens are valid: true, expires at: 1786117725044
[debug] [2026-08-07T15:00:57.681Z] Checked if tokens are valid: true, expires at: 1786117725044
[debug] [2026-08-07T15:00:57.682Z] >>> [apiv2][query] GET https://firebase.googleapis.com/v1beta1/projects/water-tank-bom [none]
[debug] [2026-08-07T15:00:58.162Z] <<< [apiv2][status] GET https://firebase.googleapis.com/v1beta1/projects/water-tank-bom 200
[debug] [2026-08-07T15:00:58.163Z] <<< [apiv2][body] GET https://firebase.googleapis.com/v1beta1/projects/water-tank-bom {"projectId":"water-tank-bom","projectNumber":"126393936800","displayName":"water-tank-bom","name":"projects/water-tank-bom","resources":{"hostingSite":"water-tank-bom"},"state":"ACTIVE","labels":{"firebase":"enabled"},"etag":"1_54e8ccf3-84dd-4a08-8a72-1b344eee9199"}
[info] 
[info] === Deploying to 'water-tank-bom'...
[info] 
[info] i  deploying hosting 
[debug] [2026-08-07T15:00:58.173Z] Checked if tokens are valid: true, expires at: 1786117725044
[debug] [2026-08-07T15:00:58.173Z] Checked if tokens are valid: true, expires at: 1786117725044
[debug] [2026-08-07T15:00:58.174Z] >>> [apiv2][query] GET https://firebasehosting.googleapis.com/v1beta1/projects/water-tank-bom/sites/water-tank-bom [none]
[debug] [2026-08-07T15:00:59.097Z] <<< [apiv2][status] GET https://firebasehosting.googleapis.com/v1beta1/projects/water-tank-bom/sites/water-tank-bom 200
[debug] [2026-08-07T15:00:59.097Z] <<< [apiv2][body] GET https://firebasehosting.googleapis.com/v1beta1/projects/water-tank-bom/sites/water-tank-bom {"name":"projects/water-tank-bom/sites/water-tank-bom","defaultUrl":"https://water-tank-bom.web.app","type":"DEFAULT_SITE"}
[debug] [2026-08-07T15:00:59.111Z] Checked if tokens are valid: true, expires at: 1786117725044
[debug] [2026-08-07T15:00:59.111Z] Checked if tokens are valid: true, expires at: 1786117725044
[debug] [2026-08-07T15:00:59.112Z] >>> [apiv2][query] POST https://firebasehosting.googleapis.com/v1beta1/projects/-/sites/water-tank-bom/versions [none]
[debug] [2026-08-07T15:00:59.112Z] >>> [apiv2][body] POST https://firebasehosting.googleapis.com/v1beta1/projects/-/sites/water-tank-bom/versions {"status":"CREATED","labels":{"deployment-tool":"cli-firebase"}}
[debug] [2026-08-07T15:01:00.282Z] <<< [apiv2][status] POST https://firebasehosting.googleapis.com/v1beta1/projects/-/sites/water-tank-bom/versions 200
[debug] [2026-08-07T15:01:00.282Z] <<< [apiv2][body] POST https://firebasehosting.googleapis.com/v1beta1/projects/-/sites/water-tank-bom/versions {"name":"projects/126393936800/sites/water-tank-bom/versions/f8ae959d7d8a2a07","status":"CREATED","config":{},"labels":{"deployment-tool":"cli-firebase"}}
[info] i  hosting[water-tank-bom]: beginning deploy... 
[info] i  hosting[water-tank-bom]: found 2814 files in . 
[debug] [2026-08-07T15:01:00.871Z] [hosting] uploading with 200 concurrency
[debug] [2026-08-07T15:01:00.873Z] [hosting] hash cache [] not populated
